MPLINK 5.09, LINKER
Linker Map File - Created Mon Jun 22 23:08:53 2020

                                 Section Info
                  Section       Type    Address   Location Size(Bytes)
                ---------  ---------  ---------  ---------  ---------
                    .code       code   0x000000    program   0x0000a2
                   .cinit    romdata   0x0000a2    program   0x000002
               .udata_acs      udata   0x000000       data   0x000002



                              Program Memory Usage 
                               Start         End      
                           ---------   ---------      
                            0x000000    0x0000a3      
            164 out of 33048 program addresses used, program memory utilization is 0%



                              Symbols - Sorted by Name
                     Name    Address   Location    Storage File                     
                ---------  ---------  ---------  --------- ---------                
                    DELAY   0x000082    program     static C:\Users\santi\Google Drive\7sem\sistemas embebidos\PIC\ADC_PWM_SPI.X\main_ADC_PWM_SPI.asm
                     LOOP   0x00008e    program     static C:\Users\santi\Google Drive\7sem\sistemas embebidos\PIC\ADC_PWM_SPI.X\main_ADC_PWM_SPI.asm
                    LOOP1   0x000056    program     static C:\Users\santi\Google Drive\7sem\sistemas embebidos\PIC\ADC_PWM_SPI.X\main_ADC_PWM_SPI.asm
                     MAIN   0x000052    program     static C:\Users\santi\Google Drive\7sem\sistemas embebidos\PIC\ADC_PWM_SPI.X\main_ADC_PWM_SPI.asm
             SPI_transfer   0x000070    program     static C:\Users\santi\Google Drive\7sem\sistemas embebidos\PIC\ADC_PWM_SPI.X\main_ADC_PWM_SPI.asm
                Start_SPI   0x000030    program     static C:\Users\santi\Google Drive\7sem\sistemas embebidos\PIC\ADC_PWM_SPI.X\main_ADC_PWM_SPI.asm
            Wait_transfer   0x000074    program     static C:\Users\santi\Google Drive\7sem\sistemas embebidos\PIC\ADC_PWM_SPI.X\main_ADC_PWM_SPI.asm
             data_to_send   0x000000       data     static C:\Users\santi\Google Drive\7sem\sistemas embebidos\PIC\ADC_PWM_SPI.X\main_ADC_PWM_SPI.asm
                save_data   0x000001       data     static C:\Users\santi\Google Drive\7sem\sistemas embebidos\PIC\ADC_PWM_SPI.X\main_ADC_PWM_SPI.asm



                              Symbols - Sorted by Address
                     Name    Address   Location    Storage File                     
                ---------  ---------  ---------  --------- ---------                
                Start_SPI   0x000030    program     static C:\Users\santi\Google Drive\7sem\sistemas embebidos\PIC\ADC_PWM_SPI.X\main_ADC_PWM_SPI.asm
                     MAIN   0x000052    program     static C:\Users\santi\Google Drive\7sem\sistemas embebidos\PIC\ADC_PWM_SPI.X\main_ADC_PWM_SPI.asm
                    LOOP1   0x000056    program     static C:\Users\santi\Google Drive\7sem\sistemas embebidos\PIC\ADC_PWM_SPI.X\main_ADC_PWM_SPI.asm
             SPI_transfer   0x000070    program     static C:\Users\santi\Google Drive\7sem\sistemas embebidos\PIC\ADC_PWM_SPI.X\main_ADC_PWM_SPI.asm
            Wait_transfer   0x000074    program     static C:\Users\santi\Google Drive\7sem\sistemas embebidos\PIC\ADC_PWM_SPI.X\main_ADC_PWM_SPI.asm
                    DELAY   0x000082    program     static C:\Users\santi\Google Drive\7sem\sistemas embebidos\PIC\ADC_PWM_SPI.X\main_ADC_PWM_SPI.asm
                     LOOP   0x00008e    program     static C:\Users\santi\Google Drive\7sem\sistemas embebidos\PIC\ADC_PWM_SPI.X\main_ADC_PWM_SPI.asm
             data_to_send   0x000000       data     static C:\Users\santi\Google Drive\7sem\sistemas embebidos\PIC\ADC_PWM_SPI.X\main_ADC_PWM_SPI.asm
                save_data   0x000001       data     static C:\Users\santi\Google Drive\7sem\sistemas embebidos\PIC\ADC_PWM_SPI.X\main_ADC_PWM_SPI.asm


